<html>
<body>
<pre>
<h1>µVision Build Log</h1>
<h2>Tool Versions:</h2>
IDE-Version: ¦ÌVision V5.32.0.0
Copyright (C) 2020 ARM Ltd and ARM Germany GmbH. All rights reserved.
License Information: DFGHFGJKH sdfgnmAD, ASDFNHDG, LIC=76F5U-S62X0-30CNC-7N4MK-IMF3W-PU92F
 
Tool Versions:
Toolchain:       MDK-ARM Plus  Version: 5.32.0.0
Toolchain Path:  D:\MDK\ARM\ARMCC\Bin
C Compiler:      Armcc.exe V5.06 update 7 (build 960)
Assembler:       Armasm.exe V5.06 update 7 (build 960)
Linker/Locator:  ArmLink.exe V5.06 update 7 (build 960)
Library Manager: ArmAr.exe V5.06 update 7 (build 960)
Hex Converter:   FromElf.exe V5.06 update 7 (build 960)
CPU DLL:         SARMCM3.DLL V5.32.0.0
Dialog DLL:      DARMSTM.DLL V1.68.0.0
Target DLL:      Segger\JL2CM3.dll V2.99.38.0
Dialog DLL:      TARMSTM.DLL V1.66.0.0
 
<h2>Project:</h2>
E:\work\Simple-32\Simple-SoftWare\User\Cavendish.uvprojx
Project File Date:  08/10/2023

<h2>Output:</h2>
*** Using Compiler 'V5.06 update 7 (build 960)', folder: 'D:\MDK\ARM\ARMCC\Bin'
Rebuild target 'M3-Simple'
compiling main-car.c...
compiling main-car_V2.c...
compiling main-Default.c...
compiling main-jiaju.c...
compiling Data_Handle.c...
compiling PWM.c...
compiling main-bus.c...
compiling main-laji.c...
compiling main-eye.c...
compiling temp.c...
compiling stm32f10x_it.c...
compiling Encoder.c...
compiling Sys_Time.c...
compiling BZZ.c...
compiling uart.c...
..\Lib\Base\uart.c(273): warning:  #177-D: label "Happy_END"  was declared but never referenced
      Happy_END:
..\Lib\Base\uart.c: 1 warning, 0 errors
compiling stmflash.c...
compiling ADC.c...
compiling Base_IIC.c...
compiling key.c...
compiling mlx90614.c...
compiling Steering_engine.c...
compiling lcd.c...
compiling Ultrasonic.c...
compiling Control_Mode.c...
compiling MP3.c...
compiling SU_03T.c...
compiling dht11.c...
compiling MODE_Motor_BYJ.c...
compiling RFID_Read.c...
compiling OLED.c...
compiling system_stm32f10x.c...
compiling core_cm3.c...
compiling misc.c...
compiling stm32f10x_adc.c...
compiling stm32f10x_bkp.c...
compiling stm32f10x_can.c...
compiling stm32f10x_cec.c...
compiling stm32f10x_crc.c...
compiling stm32f10x_dac.c...
compiling stm32f10x_dbgmcu.c...
compiling stm32f10x_dma.c...
compiling stm32f10x_exti.c...
compiling stm32f10x_flash.c...
compiling stm32f10x_fsmc.c...
compiling stm32f10x_gpio.c...
compiling stm32f10x_i2c.c...
compiling stm32f10x_iwdg.c...
compiling stm32f10x_pwr.c...
compiling stm32f10x_rcc.c...
compiling stm32f10x_rtc.c...
compiling stm32f10x_spi.c...
assembling startup_stm32f10x_md.s...
compiling stm32f10x_sdio.c...
compiling stm32f10x_usart.c...
compiling stm32f10x_tim.c...
compiling stm32f10x_wwdg.c...
linking...
Program Size: Code=6504 RO-data=268 RW-data=68 ZI-data=1828  
FromELF: creating hex file...
"..\OBJ\Cavendish.axf" - 0 Error(s), 1 Warning(s).

<h2>Software Packages used:</h2>

Package Vendor: Keil
                http://www.keil.com/pack/Keil.STM32F1xx_DFP.1.0.5.pack
                Keil.STM32F1xx_DFP.1.0.5
                STMicroelectronics STM32F1 Series Device Support, Drivers and Examples

<h2>Collection of Component include folders:</h2>
  D:\MDK\ARM\Keil\STM32F1xx_DFP\1.0.5\Device\Include

<h2>Collection of Component Files used:</h2>
Build Time Elapsed:  00:00:04
</pre>
</body>
</html>
